[2026-05-28 21:20:53] Starting image creation for vm-img-avd-win2
  Gallery   : acgavdprdsdc
  Definition: Power
------------------------------------------------------------
== Setting Variables ==
BIS-F Extension: sysprep
ResourceGroupName: rg-prd-avdmgt-sdc
Location: swedencentral
NicResourceGroupName: rg-prd-networkavd-sdc
vNetName: vnet-prd-avd-sdc
GoldVM: vm-img-avd-win2
GalleryName: acgavdprdsdc
GalleryRG: RG-PRD-AVDMGT-SDC
GalleryImageDefinitionName: Power
PrepVMSize: Standard_B4s_v2
BisFPath: C:\_source\Bis-F
SnapshotName: vm-img-avd-win2_20260528_2120

21:20:53 Stopping and deallocating gold image VM: vm-img-avd-win2
  VM vm-img-avd-win2 power state: PowerState/deallocating (15s)
  VM vm-img-avd-win2 power state: PowerState/deallocating (30s)
  VM vm-img-avd-win2 power state: PowerState/deallocated (46s)

21:21:39 Taking snapshot backup: vm-img-avd-win2_20260528_2120
  Snapshot state: Succeeded (10s)

21:21:50 Creating preparation VM: vm-img-avd-win2_Prep
  Creating OS disk from snapshot
  Disk state: Succeeded (10s)
  Creating NIC
  NIC state: Succeeded (5s)
  Deploying preparation VM
  VM provisioning: Succeeded (15s)

==========================================
Preparation VM: vm-img-avd-win2_Prep
IP Address:     10.10.32.17
==========================================

21:22:23 Running Sysprep on vm-img-avd-win2_Prep (BIS-F skipped)
21:22:23 Sysprep running (waiting up to 35 min for VM to shut down)...
21:23:23 Sysprep state: InProgress (1 min / 35 min timeout)
21:24:26 Sysprep state: InProgress (2 min / 35 min timeout)
21:25:27 Sysprep state: Succeeded (3.1 min / 35 min timeout)
--- Sysprep output ---
Cleared existing setuperr.log
Sysprep started (PID: 1660)
2026-05-28 20:24:29, Error                 SYSPRP BCD: BiUpdateEfiEntry failed c000000d
2026-05-28 20:24:29, Error                 SYSPRP BCD: BiExportBcdObjects failed c000000d
2026-05-28 20:24:29, Error                 SYSPRP BCD: BiExportStoreAlterationsToEfi failed c000000d
2026-05-28 20:24:29, Error                 SYSPRP BCD: Failed to export alterations to firmware. Status: c000000d


21:25:27 Sysprep complete - VM has shut down
21:25:27 VM stopped. Deallocating...
  VM vm-img-avd-win2_Prep power state: PowerState/deallocated (15s)
21:25:42 VM deallocated
21:25:42 Generalising vm-img-avd-win2_Prep
  VM generalization state: Succeeded

21:26:13 Getting gallery image definition: Power
21:26:13 Version: 202605.28.2126

==========================================
Gallery Image Version Parameters
==========================================
Gallery:        acgavdprdsdc
Definition:     Power
Version:        202605.28.2126
Resource Group: RG-PRD-AVDMGT-SDC
Location:       swedencentral
Source VM ID:   /subscriptions/180bcd26-d6be-493d-8fbe-9a0ceb7d39e3/resourceGroups/rg-prd-avdmgt-sdc/providers/Microsoft.Compute/virtualMachines/vm-img-avd-win2_Prep
End of Life:    2027-05-28
Target Regions:
  - swedencentral  replicas=1  storage=Standard_LRS
==========================================
21:26:13 Submitting gallery image version (this can take up to 30 minutes)...
21:26:44 Gallery version state: Creating (0.5 min)
21:27:44 Gallery version state: Creating (1.5 min)
21:28:45 Gallery version state: Creating (2.5 min)
21:29:45 Gallery version state: Creating (3.5 min)
21:30:45 Gallery version state: Creating (4.5 min)
21:31:45 Gallery version state: Creating (5.5 min)
21:32:45 Gallery version state: Creating (6.5 min)
21:33:45 Gallery version state: Creating (7.5 min)
21:34:45 Gallery version state: Creating (8.5 min)
21:35:46 Gallery version state: Creating (9.5 min)
21:36:46 Gallery version state: Succeeded (10.5 min)
21:36:46 Gallery image version Succeeded

21:36:46 Cleaning up preparation resources
  Removing VM: vm-img-avd-win2_Prep
  Removing OS disk: vm-img-avd-win2_Prep_OSdisk
  Removing NIC: vm-img-avd-win2_Prep-nic
  Removing snapshot: vm-img-avd-win2_20260528_2120

==========================================
Image creation complete
Version: 202605.28.2126
==========================================
--- Image creation completed successfully ---
